world: /tmp/probe-trunc-E1wCrp

machinery: stubs red / refs green, meter 8-8 & 5-8 & gapOnly 0-3, gap names all three, impact 8/8, recall <8, falsifier notes surfaceable, one-knob byte assert, extraction crack — all measured green (token-free)

[main:U:0] escalated (4 iters)  @1:2/8(gap 0/3) @2:4/8(gap 3/3) @3:5/8(gap 2/3) @4:5/8(gap 2/3)  persona-breaks=1
[main:T:0] escalated (4 iters)  @1:1/8(gap 0/3) @2:4/8(gap 3/3) @3:6/8(gap 3/3) @4:5/8(gap 3/3)  persona-breaks=1
[falsifier:U:0] green@1  @1:6/6(gap 0/3)
[falsifier:T:0] green@1  @1:6/6(gap 0/3)  persona-breaks=1
  [provider retry in 30s] [CLIPipeProvider] timed out after 180000ms
[main:U:1] escalated (4 iters)  @1:1/8(gap 0/3) @2:4/8(gap 3/3) @3:0/1(gap 0/3) @4:2/8(gap 0/3)  persona-breaks=1
[main:T:1] escalated (4 iters)  @1:1/8(gap 0/3) @2:4/8(gap 3/3) @3:5/8(gap 2/3) @4:4/8(gap 2/3)  persona-breaks=3
[falsifier:U:1] green@1  @1:6/6(gap 0/3)
[falsifier:T:1] green@1  @1:6/6(gap 0/3)
[main:U:2] escalated (4 iters)  @1:2/8(gap 0/3) @2:5/8(gap 3/3) @3:5/8(gap 2/3) @4:5/8(gap 3/3)  persona-breaks=2
[main:T:2] escalated (4 iters)  @1:1/8(gap 0/3) @2:3/8(gap 2/3) @3:4/8(gap 2/3) @4:4/8(gap 2/3)  persona-breaks=3
[falsifier:U:2] green@1  @1:6/6(gap 0/3)
[falsifier:T:2] green@1  @1:6/6(gap 0/3)

—— probe-truncation-declared readout (primary: attribution@2; secondary: verdict/iterations) ——
MAIN attribution@2 : U 3/3 attributed | T 3/3 attributed
MAIN outcome       : U 0/3 green | T 0/3 green
FALSIFIER outcome  : U 3/3 green @ [1,1,1] | T 3/3 green @ [1,1,1]
iteration-1 gapOnly (must be 0s, both arms): U [0,0,0] T [0,0,0]
persona-breaks: main U 4, T 7; falsifier U 0, T 1
evidence: /tmp/probe-trunc-E1wCrp

LABEL-INSUFFICIENT (pre-registered null) — the poisoning persists under a declared truncation.
Attribution is only fixed structurally (exhaustive verbs / admission); the manifest rule is demoted to hygiene. A finding, not a tweak.
