world: /tmp/m6-cohort-7xErzP
cohort: 8 gens x 2 lineages x 4 arms, capRuns 3, stop at $38

  [g0-fixed-L0] green @ 1 (~$0.077)
  [g0-fixed-L1] cap-halt @ 3 (~$0.313)
  [g0-ungated-L0] authored valid (~$0.050)
  [g0-ungated-L0] cap-halt @ 3 (~$0.312)
  [g0-ungated-L1] authored valid (~$0.037)
  [g0-ungated-L1] green @ 3 (~$0.330)
  [g0-gated-verbatim-L0] authored valid (~$0.037)
  [g0-gated-verbatim-L0] green @ 3 (~$0.336)
  [g0-gated-verbatim-L1] authored INVALID [{"code":"parse-error","path":"$","detail":"Unexpected token 'I', \"I'll outpu\"... is not valid JSON"}] (~$0.034)
  [g0-gated-rules-L0] authored valid (~$0.032)
  [g0-gated-rules-L0] cap-halt @ 3 (~$0.341)
  [g0-gated-rules-L1] authored valid (~$0.032)
  [g0-gated-rules-L1] green @ 3 (~$0.379)
  [g1-fixed-L0] green @ 3 (~$0.233)
  [g1-fixed-L1] green @ 1 (~$0.320)
  [g1-ungated-L0] green @ 3 (~$0.365)
  [g1-ungated-L1] green @ 3 (~$0.360)
  [g1-gated-verbatim-L0] cap-halt @ 3 (~$0.407)
  [g1-gated-verbatim-L1] authored valid (~$0.052)
  [g1-gated-verbatim-L1] green @ 3 (~$0.343)
  [g1-gated-rules-L0] authored valid (~$0.039)
  [g1-gated-rules-L0] green @ 3 (~$0.274)
  [g1-gated-rules-L1] authored valid (rules-seeded) (~$0.055)
  [g1-gated-rules-L1] green @ 3 (~$0.268)
  [g2-fixed-L0] green @ 1 (~$0.088)
  [g2-fixed-L1] green @ 1 (~$0.045)
  [g2-ungated-L0] green @ 2 (~$0.219)
  [g2-ungated-L1] green @ 3 (~$0.362)
  [g2-gated-verbatim-L0] green @ 2 (~$0.128)
  [g2-gated-verbatim-L1] cap-halt @ 3 (~$0.371)
  [g2-gated-rules-L0] authored valid (rules-seeded) (~$0.057)
  [g2-gated-rules-L0] green @ 2 (~$0.120)
  [g2-gated-rules-L1] authored valid (rules-seeded) (~$0.059)
  [g2-gated-rules-L1] green @ 2 (~$0.134)
  [g3-fixed-L0] green @ 1 (~$0.054)
  [g3-fixed-L1] green @ 1 (~$0.044)
  [g3-ungated-L0] cap-halt @ 3 (~$0.355)
  [g3-ungated-L1] green @ 3 (~$0.535)
  [g3-gated-verbatim-L0] green @ 3 (~$0.288)
  [g3-gated-verbatim-L1] green @ 3 (~$0.288)
  [g3-gated-rules-L0] authored valid (rules-seeded) (~$0.058)
  [g3-gated-rules-L0] cap-halt @ 3 (~$0.290)
  [g3-gated-rules-L1] authored valid (rules-seeded) (~$0.057)
  [g3-gated-rules-L1] green @ 3 (~$0.345)
  [g4-fixed-L0] green @ 1 (~$0.049)
  [g4-fixed-L1] green @ 1 (~$0.040)
  [g4-ungated-L0] green @ 2 (~$0.186)
  [g4-ungated-L1] cap-halt @ 3 (~$0.324)
  [g4-gated-verbatim-L0] green @ 3 (~$0.302)
  [g4-gated-verbatim-L1] green @ 3 (~$0.280)
  [g4-gated-rules-L0] authored valid (rules-seeded) (~$0.061)
  [g4-gated-rules-L0] green @ 2 (~$0.101)
  [g4-gated-rules-L1] authored valid (rules-seeded) (~$0.063)
  [g4-gated-rules-L1] green @ 1 (~$0.037)
  [g5-fixed-L0] green @ 2 (~$0.156)
  [g5-fixed-L1] green @ 2 (~$0.124)
  [g5-ungated-L0] green @ 3 (~$0.383)
  [g5-ungated-L1] green @ 3 (~$0.307)
  [g5-gated-verbatim-L0] green @ 3 (~$0.280)
  [g5-gated-verbatim-L1] green @ 3 (~$0.255)
  [g5-gated-rules-L0] authored valid (rules-seeded) (~$0.055)
  [g5-gated-rules-L0] cap-halt @ 3 (~$0.279)
  [g5-gated-rules-L1] authored valid (rules-seeded) (~$0.056)
  [g5-gated-rules-L1] green @ 1 (~$0.063)
resume: replaying 48 completed rows from /tmp/m6-cohort-7xErzP
world: /tmp/m6-cohort-7xErzP
cohort: 8 gens x 2 lineages x 4 arms, capRuns 3, stop at $38

  [g0-fixed-L0] replay green @ 1 ($0.077)
  [g0-fixed-L1] replay cap-halt @ 3 ($0.313)
  [g0-ungated-L0] replay cap-halt @ 3 ($0.362)
  [g0-ungated-L1] replay green @ 3 ($0.368)
  [g0-gated-verbatim-L0] replay green @ 3 ($0.372)
  [g0-gated-rules-L0] replay cap-halt @ 3 ($0.374)
  [g0-gated-rules-L1] replay green @ 3 ($0.452)
  [g1-fixed-L0] replay green @ 3 ($0.233)
  [g1-fixed-L1] replay green @ 1 ($0.320)
  [g1-ungated-L0] replay green @ 3 ($0.365)
  [g1-ungated-L1] replay green @ 3 ($0.360)
  [g1-gated-verbatim-L0] replay cap-halt @ 3 ($0.407)
  [g1-gated-verbatim-L1] replay green @ 3 ($0.395)
  [g1-gated-rules-L0] replay green @ 3 ($0.354)
  [g1-gated-rules-L1] replay green @ 3 ($0.365)
  [g2-fixed-L0] replay green @ 1 ($0.088)
  [g2-fixed-L1] replay green @ 1 ($0.045)
  [g2-ungated-L0] replay green @ 2 ($0.219)
  [g2-ungated-L1] replay green @ 3 ($0.362)
  [g2-gated-verbatim-L0] replay green @ 2 ($0.128)
  [g2-gated-verbatim-L1] replay cap-halt @ 3 ($0.371)
  [g2-gated-rules-L0] replay green @ 2 ($0.221)
  [g2-gated-rules-L1] replay green @ 2 ($0.227)
  [g3-fixed-L0] replay green @ 1 ($0.054)
  [g3-fixed-L1] replay green @ 1 ($0.044)
  [g3-ungated-L0] replay cap-halt @ 3 ($0.355)
  [g3-ungated-L1] replay green @ 3 ($0.535)
  [g3-gated-verbatim-L0] replay green @ 3 ($0.288)
  [g3-gated-verbatim-L1] replay green @ 3 ($0.288)
  [g3-gated-rules-L0] replay cap-halt @ 3 ($0.348)
  [g3-gated-rules-L1] replay green @ 3 ($0.449)
  [g4-fixed-L0] replay green @ 1 ($0.049)
  [g4-fixed-L1] replay green @ 1 ($0.040)
  [g4-ungated-L0] replay green @ 2 ($0.186)
  [g4-ungated-L1] replay cap-halt @ 3 ($0.324)
  [g4-gated-verbatim-L0] replay green @ 3 ($0.302)
  [g4-gated-verbatim-L1] replay green @ 3 ($0.280)
  [g4-gated-rules-L0] replay green @ 2 ($0.208)
  [g4-gated-rules-L1] replay green @ 1 ($0.147)
  [g5-fixed-L0] replay green @ 2 ($0.156)
  [g5-fixed-L1] replay green @ 2 ($0.124)
  [g5-ungated-L0] replay green @ 3 ($0.383)
  [g5-ungated-L1] replay green @ 3 ($0.307)
  [g5-gated-verbatim-L0] replay green @ 3 ($0.280)
  [g5-gated-verbatim-L1] replay green @ 3 ($0.255)
  [g5-gated-rules-L0] replay cap-halt @ 3 ($0.333)
  [g5-gated-rules-L1] replay green @ 1 ($0.162)
  [g6-fixed-L0] cap-halt @ 3 (~$0.389)
  [g6-fixed-L1] cap-halt @ 3 (~$0.375)
  [g6-ungated-L0] green @ 3 (~$0.369)
  [g6-ungated-L1] green @ 3 (~$0.369)
  [g6-gated-verbatim-L0] cap-halt @ 3 (~$0.278)
  [g6-gated-verbatim-L1] cap-halt @ 3 (~$0.370)
  [g6-gated-rules-L0] authored valid (rules-seeded) (~$0.052)
  [g6-gated-rules-L0] cap-halt @ 3 (~$0.428)
  [g6-gated-rules-L1] authored valid (rules-seeded) (~$0.056)
  [g6-gated-rules-L1] green @ 1 (~$0.038)
  [g7-fixed-L0] green @ 1 (~$0.064)
  [g7-fixed-L1] green @ 1 (~$0.061)
  [g7-ungated-L0] green @ 3 (~$0.315)
  [g7-ungated-L1] cap-halt @ 3 (~$0.365)
  [g7-gated-verbatim-L0] green @ 3 (~$0.228)
  [g7-gated-verbatim-L1] cap-halt @ 3 (~$0.681)
  [g7-gated-rules-L0] authored valid (rules-seeded) (~$0.052)
  [g7-gated-rules-L0] green @ 3 (~$0.470)
  [g7-gated-rules-L1] authored valid (rules-seeded) (~$0.061)
  [g7-gated-rules-L1] green @ 1 (~$0.069)

—— M6 cohort readout (complete, $17.93 spent, excluded gens: []) ——
green-rate per arm (early gens 0-3 vs late gens 4-7; verdict is the only claim-bearing axis):
  fixed           early 0.88  late 0.75  (n=16, cap-halts 3, mean cost-to-green $0.104 — ranks, never claims)
  ungated         early 0.75  late 0.75  (n=16, cap-halts 4, mean cost-to-green $0.345 — ranks, never claims)
  gated-verbatim  early 0.63  late 0.63  (n=16, cap-halts 5, mean cost-to-green $0.282 — ranks, never claims)
  gated-rules     early 0.75  late 0.75  (n=16, cap-halts 4, mean cost-to-green $0.288 — ranks, never claims)

evidence: /tmp/m6-cohort-7xErzP
cohort-result.json written. The gate-load-bearing read (gated-verbatim late vs ungated late, fixed as floor)
and the rules-vs-verbatim read are written up from it — numbers above are raw material, not the verdict.
